#-----------------------------------------------------------
# Vivado v2019.1 (64-bit)
# SW Build 2552052 on Fri May 24 14:47:09 MDT 2019
# IP Build 2548770 on Fri May 24 18:01:18 MDT 2019
# Start of session at: Tue Jun 20 15:12:25 2023
# Process ID: 16740
# Current directory: /home/harshad/Project/boards/vcu_128/demo/vhdl_libs
# Command line: vivado
# Log file: /home/harshad/Project/boards/vcu_128/demo/vhdl_libs/vivado.log
# Journal file: /home/harshad/Project/boards/vcu_128/demo/vhdl_libs/vivado.jou
#-----------------------------------------------------------
start_gui
open_hw
connect_hw_server
open_hw_target
current_hw_device [get_hw_devices xcvu37p_0]
refresh_hw_device -update_hw_probes false [lindex [get_hw_devices xcvu37p_0] 0]
set_property PROBES.FILE {/home/harshad/Project/boards/vcu_128/demo/vivado_synth/system.ltx} [get_hw_devices xcvu37p_0]
set_property FULL_PROBES.FILE {/home/harshad/Project/boards/vcu_128/demo/vivado_synth/system.ltx} [get_hw_devices xcvu37p_0]
set_property PROGRAM.FILE {/home/harshad/Project/boards/vcu_128/demo/vivado_synth/system.bit} [get_hw_devices xcvu37p_0]
program_hw_devices [get_hw_devices xcvu37p_0]
refresh_hw_device [lindex [get_hw_devices xcvu37p_0] 0]
display_hw_ila_data [ get_hw_ila_data hw_ila_data_1 -of_objects [get_hw_ilas -of_objects [get_hw_devices xcvu37p_0] -filter {CELL_NAME=~"ETH_TOP_inst/fpga_top_vcu128_inst/your_instance_name"}]]
display_hw_ila_data [ get_hw_ila_data hw_ila_data_2 -of_objects [get_hw_ilas -of_objects [get_hw_devices xcvu37p_0] -filter {CELL_NAME=~"ila_2_inst"}]]
set_property OUTPUT_VALUE 1 [get_hw_probes prog -of_objects [get_hw_vios -of_objects [get_hw_devices xcvu37p_0] -filter {CELL_NAME=~"virtual_reset_mac"}]]
commit_hw_vio [get_hw_probes {prog} -of_objects [get_hw_vios -of_objects [get_hw_devices xcvu37p_0] -filter {CELL_NAME=~"virtual_reset_mac"}]]
set_property OUTPUT_VALUE 1 [get_hw_probes reset_proc -of_objects [get_hw_vios -of_objects [get_hw_devices xcvu37p_0] -filter {CELL_NAME=~"virtual_reset"}]]
commit_hw_vio [get_hw_probes {reset_proc} -of_objects [get_hw_vios -of_objects [get_hw_devices xcvu37p_0] -filter {CELL_NAME=~"virtual_reset"}]]
set_property OUTPUT_VALUE 0 [get_hw_probes reset_proc -of_objects [get_hw_vios -of_objects [get_hw_devices xcvu37p_0] -filter {CELL_NAME=~"virtual_reset"}]]
commit_hw_vio [get_hw_probes {reset_proc} -of_objects [get_hw_vios -of_objects [get_hw_devices xcvu37p_0] -filter {CELL_NAME=~"virtual_reset"}]]
set_property OUTPUT_VALUE 0 [get_hw_probes prog -of_objects [get_hw_vios -of_objects [get_hw_devices xcvu37p_0] -filter {CELL_NAME=~"virtual_reset_mac"}]]
commit_hw_vio [get_hw_probes {prog} -of_objects [get_hw_vios -of_objects [get_hw_devices xcvu37p_0] -filter {CELL_NAME=~"virtual_reset_mac"}]]
set_property OUTPUT_VALUE 1 [get_hw_probes reset_proc -of_objects [get_hw_vios -of_objects [get_hw_devices xcvu37p_0] -filter {CELL_NAME=~"virtual_reset"}]]
commit_hw_vio [get_hw_probes {reset_proc} -of_objects [get_hw_vios -of_objects [get_hw_devices xcvu37p_0] -filter {CELL_NAME=~"virtual_reset"}]]
set_property OUTPUT_VALUE 1 [get_hw_probes prog -of_objects [get_hw_vios -of_objects [get_hw_devices xcvu37p_0] -filter {CELL_NAME=~"virtual_reset_mac"}]]
commit_hw_vio [get_hw_probes {prog} -of_objects [get_hw_vios -of_objects [get_hw_devices xcvu37p_0] -filter {CELL_NAME=~"virtual_reset_mac"}]]
set_property OUTPUT_VALUE 0 [get_hw_probes reset_proc -of_objects [get_hw_vios -of_objects [get_hw_devices xcvu37p_0] -filter {CELL_NAME=~"virtual_reset"}]]
commit_hw_vio [get_hw_probes {reset_proc} -of_objects [get_hw_vios -of_objects [get_hw_devices xcvu37p_0] -filter {CELL_NAME=~"virtual_reset"}]]
set_property OUTPUT_VALUE 0 [get_hw_probes prog -of_objects [get_hw_vios -of_objects [get_hw_devices xcvu37p_0] -filter {CELL_NAME=~"virtual_reset_mac"}]]
commit_hw_vio [get_hw_probes {prog} -of_objects [get_hw_vios -of_objects [get_hw_devices xcvu37p_0] -filter {CELL_NAME=~"virtual_reset_mac"}]]
set_property OUTPUT_VALUE 1 [get_hw_probes reset_proc -of_objects [get_hw_vios -of_objects [get_hw_devices xcvu37p_0] -filter {CELL_NAME=~"virtual_reset"}]]
commit_hw_vio [get_hw_probes {reset_proc} -of_objects [get_hw_vios -of_objects [get_hw_devices xcvu37p_0] -filter {CELL_NAME=~"virtual_reset"}]]
set_property OUTPUT_VALUE 0 [get_hw_probes reset_proc -of_objects [get_hw_vios -of_objects [get_hw_devices xcvu37p_0] -filter {CELL_NAME=~"virtual_reset"}]]
commit_hw_vio [get_hw_probes {reset_proc} -of_objects [get_hw_vios -of_objects [get_hw_devices xcvu37p_0] -filter {CELL_NAME=~"virtual_reset"}]]
set_property OUTPUT_VALUE 1 [get_hw_probes prog -of_objects [get_hw_vios -of_objects [get_hw_devices xcvu37p_0] -filter {CELL_NAME=~"virtual_reset_mac"}]]
commit_hw_vio [get_hw_probes {prog} -of_objects [get_hw_vios -of_objects [get_hw_devices xcvu37p_0] -filter {CELL_NAME=~"virtual_reset_mac"}]]
set_property OUTPUT_VALUE 0 [get_hw_probes prog -of_objects [get_hw_vios -of_objects [get_hw_devices xcvu37p_0] -filter {CELL_NAME=~"virtual_reset_mac"}]]
commit_hw_vio [get_hw_probes {prog} -of_objects [get_hw_vios -of_objects [get_hw_devices xcvu37p_0] -filter {CELL_NAME=~"virtual_reset_mac"}]]
save_wave_config {/home/harshad/Project/boards/vcu_128/demo/vhdl_libs/.Xil/Vivado-16740-ajit2-System-Product-Name/hw_1/wave/hw_ila_data_1/hw_ila_data_1.wcfg}
save_wave_config {/home/harshad/Project/boards/vcu_128/demo/vhdl_libs/.Xil/Vivado-16740-ajit2-System-Product-Name/hw_1/wave/hw_ila_data_2/hw_ila_data_2.wcfg}
